// Jest Snapshot v1, https://goo.gl/fbAQLP

exports[`should render edit page correctly 1`] = `
<div>
  <div
    className="page-header"
  >
    <div
      className="content-container"
    >
      <h1
        className="page-header__title"
      >
        Edit Expense
      </h1>
    </div>
  </div>
  <div
    className="content-container"
  >
    <ExpenseForm
      expense={
        Object {
          "amount": 193,
          "createdAt": 0,
          "description": "Car",
          "id": 1,
          "note": "Test note 1",
        }
      }
      onSubmit={[Function]}
    />
    <button
      className="button button--secondary"
      onClick={[Function]}
    >
      Remove
    </button>
  </div>
</div>
`;
